============================= test session starts =============================
platform win32 -- Python 3.13.7, pytest-7.4.4, pluggy-1.6.0
rootdir: D:\KAVIN\incubyte\backend
configfile: pytest.ini
plugins: anyio-4.12.0, asyncio-0.21.2
asyncio: mode=Mode.AUTO
collected 15 items

tests\test_auth.py ..                                                    [ 13%]
tests\test_catalog.py ..                                                 [ 26%]
tests\test_inventory.py ...                                              [ 46%]
tests\test_login.py ..                                                   [ 60%]
tests\test_orders.py ..                                                  [ 73%]
tests\test_protected.py .                                                [ 80%]
tests\test_sweets.py ...                                                 [100%]

============================= 15 passed in 9.25s ==============================
